// Jest Snapshot v1, https://goo.gl/fbAQLP

exports[`Widget Functions getCSSVariables should return the correct CSS variables 1`] = `
"--widget-background: #ffffff;
--inline-tile-background: #000000;
--text-tile-background: #000000;
--shopspot-btn-background: #ff00ff;
--cta-button-background-color: #000000;
--tile-tag-background: #D6D4D5;
--text-tile-link-color: #ff0000;
--text-tile-user-handle-font-color: #00ff00;
--shopspot-btn-font-color: #00ffff;
--margin: 10px;
--text-tile-font-size: 16px;
--text-caption-paragraph-font-size: 16px;
--text-tile-user-name-font-size: 16px;
--text-tile-user-name-font-color: #0000ff;
--text-tile-user-handle-font-size: 12px;
--text-tile-font-color: #undefined;
--show-caption-inline: none;
--show-caption-inline-webkit: none;
--shopspot-icon: #000;
--tags-gap: 4px;
--cta-button-font-color: #ffffff;
--cta-button-font-size: 10px;
--expanded-tile-border-radius: 5px;
--tile-size: 265.5px;
--tile-size-unitless: 265.5;
--tile-width: 158px;
--inline-tile-border-radius: undefinedpx;
--inline-tile-margin: 10px;
--tags-display-inline: none;
--tags-display-expanded: none;
--story-expanded-display-bottom-section: 10px;
--shopspots-display-inline: none;
--shopspots-display-expanded: none;
--timephrase-display-inline: flex;
--share-icon-display-inline: none;"
`;
